$start
    @a := invokeStatic `Foo.bar()I`
    @a_1 := invokeStatic `Foo.baz()I`
    goto $end
    catch java.lang.RuntimeException goto $catch
        @a_2 := ephi @a, @a_1
$catch
    @b := 1
    @a_4 := @a_2 + @b as int
    goto $end
$end
    @a_3 := phi @a_1 from $start, @a_4 from $catch
    return @a_3